------------------------------------------------------------
Timing Analyzer Summary
------------------------------------------------------------

Type  : Slow 1100mV 85C Model Setup 'clk'
Slack : -0.246
TNS   : -2.279

Type  : Slow 1100mV 85C Model Hold 'clk'
Slack : 0.237
TNS   : 0.000

Type  : Slow 1100mV 85C Model Minimum Pulse Width 'clk'
Slack : -0.394
TNS   : -8.464

Type  : Slow 1100mV 0C Model Setup 'clk'
Slack : -0.284
TNS   : -2.321

Type  : Slow 1100mV 0C Model Hold 'clk'
Slack : 0.219
TNS   : 0.000

Type  : Slow 1100mV 0C Model Minimum Pulse Width 'clk'
Slack : -0.394
TNS   : -9.103

Type  : Fast 1100mV 85C Model Setup 'clk'
Slack : 0.228
TNS   : 0.000

Type  : Fast 1100mV 85C Model Hold 'clk'
Slack : 0.140
TNS   : 0.000

Type  : Fast 1100mV 85C Model Minimum Pulse Width 'clk'
Slack : -0.080
TNS   : -1.217

Type  : Fast 1100mV 0C Model Setup 'clk'
Slack : 0.282
TNS   : 0.000

Type  : Fast 1100mV 0C Model Hold 'clk'
Slack : 0.126
TNS   : 0.000

Type  : Fast 1100mV 0C Model Minimum Pulse Width 'clk'
Slack : -0.079
TNS   : -1.214

------------------------------------------------------------
